Info: Deleted 5 data-block(s)
11:54:51 | INFO: Data are loaded, start creating Blender stuff
11:54:51 | INFO: Blender create Mesh node BRG_LOCAL_RAMP_1x1_DOWN_050-colonly_Mesh.001
11:54:51 | INFO: Blender create Mesh node BridgeRampSlab_Mesh
11:54:51 | INFO: glTF import finished in 0.01s
C:\Users\gabri\Desktop\FOCUS!\tools\blender\render_refined_assets.py:39: DeprecationWarning: 'Material.use_nodes' is expected to be removed in Blender 6.0
  mat=bpy.data.materials.new('StudioWarmGrey');mat.use_nodes=True
C:\Users\gabri\Desktop\FOCUS!\tools\blender\render_refined_assets.py:44: DeprecationWarning: 'World.use_nodes' is expected to be removed in Blender 6.0
  world.use_nodes=True;world.node_tree.nodes['Background'].inputs[0].default_value=(.72,.78,.85,1)
00:14.765  render           | Saved: 'C:\Users\gabri\Desktop\FOCUS!\assets\previews\refined_v2\renders\BRG_LOCAL_RAMP_1x1_DOWN_050__refined_v2__front.png'
[RENDER] BRG_LOCAL_RAMP_1x1_DOWN_050__refined_v2__front.png
Info: Deleted 20 data-block(s)
11:55:03 | INFO: Data are loaded, start creating Blender stuff
11:55:03 | INFO: Blender create Mesh node BRG_LOCAL_RAMP_1x1_DOWN_050-colonly_Mesh.001
11:55:03 | INFO: Blender create Mesh node BridgeRampSlab_Mesh
11:55:03 | INFO: glTF import finished in 0.02s
00:30.047  render           | Saved: 'C:\Users\gabri\Desktop\FOCUS!\assets\previews\refined_v2\renders\BRG_LOCAL_RAMP_1x1_DOWN_050__refined_v2__rear.png'
[RENDER] BRG_LOCAL_RAMP_1x1_DOWN_050__refined_v2__rear.png
Info: Deleted 20 data-block(s)
11:55:18 | INFO: Data are loaded, start creating Blender stuff
11:55:18 | INFO: Blender create Mesh node Cube.013
11:55:18 | INFO: Blender create Mesh node Cube.010
11:55:18 | INFO: glTF import finished in 0.04s
00:43.750  render           | Saved: 'C:\Users\gabri\Desktop\FOCUS!\assets\previews\refined_v2\renders\BRG_LOCAL_DECK_1x1_CORNER__refined_v2__front.png'
[RENDER] BRG_LOCAL_DECK_1x1_CORNER__refined_v2__front.png
Info: Deleted 22 data-block(s)
11:55:32 | INFO: Data are loaded, start creating Blender stuff
11:55:32 | INFO: Blender create Mesh node Cube.013
11:55:32 | INFO: Blender create Mesh node Cube.010
11:55:32 | INFO: glTF import finished in 0.04s
00:56.250  render           | Saved: 'C:\Users\gabri\Desktop\FOCUS!\assets\previews\refined_v2\renders\BRG_LOCAL_DECK_1x1_CORNER__refined_v2__rear.png'
[RENDER] BRG_LOCAL_DECK_1x1_CORNER__refined_v2__rear.png
Info: Deleted 22 data-block(s)
11:55:44 | INFO: Data are loaded, start creating Blender stuff
11:55:44 | INFO: Blender create Mesh node Cube.021
11:55:44 | INFO: Blender create Mesh node Cube.018
11:55:44 | INFO: glTF import finished in 0.04s
01:09.984  render           | Saved: 'C:\Users\gabri\Desktop\FOCUS!\assets\previews\refined_v2\renders\BRG_LOCAL_DECK_1x1_CROSS__refined_v2__front.png'
[RENDER] BRG_LOCAL_DECK_1x1_CROSS__refined_v2__front.png
Info: Deleted 22 data-block(s)
11:55:58 | INFO: Data are loaded, start creating Blender stuff
11:55:58 | INFO: Blender create Mesh node Cube.021
11:55:58 | INFO: Blender create Mesh node Cube.018
11:55:58 | INFO: glTF import finished in 0.04s
01:24.094  render           | Saved: 'C:\Users\gabri\Desktop\FOCUS!\assets\previews\refined_v2\renders\BRG_LOCAL_DECK_1x1_CROSS__refined_v2__rear.png'
[RENDER] BRG_LOCAL_DECK_1x1_CROSS__refined_v2__rear.png
Blender 5.2.1 LTS (hash 9e2066aef7ef built 2026-08-25 02:38:20)

Blender quit
