Info: Deleted 5 data-block(s)
11:36:32 | INFO: Data are loaded, start creating Blender stuff
11:36:32 | INFO: Blender create Mesh node Cube.008
11:36:32 | INFO: Blender create Mesh node Cube.010
11:36:32 | INFO: Blender create Mesh node Cube
11:36:32 | INFO: glTF import finished in 0.30s
00:09.578  render           | Saved: 'C:\Users\gabri\Desktop\FOCUS!\assets\previews\refined_expansion\renders\EXP_VILLA_LIMONAIA__refined_expansion__front.png'
[RENDER] EXP_VILLA_LIMONAIA__refined_expansion__front.png
Info: Deleted 66 data-block(s)
11:36:38 | INFO: Data are loaded, start creating Blender stuff
11:36:38 | INFO: Blender create Mesh node Cube.008
11:36:38 | INFO: Blender create Mesh node Cube.010
11:36:38 | INFO: Blender create Mesh node Cube
11:36:38 | INFO: glTF import finished in 0.28s
00:15.891  render           | Saved: 'C:\Users\gabri\Desktop\FOCUS!\assets\previews\refined_expansion\renders\EXP_VILLA_LIMONAIA__refined_expansion__rear.png'
[RENDER] EXP_VILLA_LIMONAIA__refined_expansion__rear.png
Info: Deleted 66 data-block(s)
11:36:44 | INFO: Data are loaded, start creating Blender stuff
11:36:44 | INFO: Blender create Mesh node Cube.008
11:36:44 | INFO: Blender create Mesh node Cube
11:36:45 | INFO: glTF import finished in 0.21s
00:22.375  render           | Saved: 'C:\Users\gabri\Desktop\FOCUS!\assets\previews\refined_expansion\renders\EXP_HOUSE_NORDIC__refined_expansion__front.png'
[RENDER] EXP_HOUSE_NORDIC__refined_expansion__front.png
Info: Deleted 65 data-block(s)
11:36:51 | INFO: Data are loaded, start creating Blender stuff
11:36:51 | INFO: Blender create Mesh node Cube.008
11:36:51 | INFO: Blender create Mesh node Cube
11:36:51 | INFO: glTF import finished in 0.18s
00:28.781  render           | Saved: 'C:\Users\gabri\Desktop\FOCUS!\assets\previews\refined_expansion\renders\EXP_HOUSE_NORDIC__refined_expansion__rear.png'
[RENDER] EXP_HOUSE_NORDIC__refined_expansion__rear.png
Info: Deleted 65 data-block(s)
11:36:57 | INFO: Data are loaded, start creating Blender stuff
11:36:57 | INFO: Blender create Mesh node Cube.008
11:36:57 | INFO: Blender create Mesh node Cube.010
11:36:57 | INFO: Blender create Mesh node Cube.012
11:36:57 | INFO: Blender create Mesh node Cube
11:36:58 | INFO: glTF import finished in 0.24s
00:35.203  render           | Saved: 'C:\Users\gabri\Desktop\FOCUS!\assets\previews\refined_expansion\renders\EXP_VILLA_COURT__refined_expansion__front.png'
[RENDER] EXP_VILLA_COURT__refined_expansion__front.png
Info: Deleted 71 data-block(s)
11:37:04 | INFO: Data are loaded, start creating Blender stuff
11:37:04 | INFO: Blender create Mesh node Cube.008
11:37:04 | INFO: Blender create Mesh node Cube.010
11:37:04 | INFO: Blender create Mesh node Cube.012
11:37:04 | INFO: Blender create Mesh node Cube
11:37:04 | INFO: glTF import finished in 0.28s
00:41.656  render           | Saved: 'C:\Users\gabri\Desktop\FOCUS!\assets\previews\refined_expansion\renders\EXP_VILLA_COURT__refined_expansion__rear.png'
[RENDER] EXP_VILLA_COURT__refined_expansion__rear.png
Info: Deleted 71 data-block(s)
11:37:10 | INFO: Data are loaded, start creating Blender stuff
11:37:10 | INFO: Blender create Mesh node Cube.008
11:37:10 | INFO: Blender create Mesh node Cube.010
11:37:10 | INFO: Blender create Mesh node Cube
11:37:10 | INFO: glTF import finished in 0.22s
00:48.094  render           | Saved: 'C:\Users\gabri\Desktop\FOCUS!\assets\previews\refined_expansion\renders\EXP_VILLA_PATIO__refined_expansion__front.png'
[RENDER] EXP_VILLA_PATIO__refined_expansion__front.png
Info: Deleted 66 data-block(s)
11:37:17 | INFO: Data are loaded, start creating Blender stuff
11:37:17 | INFO: Blender create Mesh node Cube.008
11:37:17 | INFO: Blender create Mesh node Cube.010
11:37:17 | INFO: Blender create Mesh node Cube
11:37:17 | INFO: glTF import finished in 0.22s
00:57.469  render           | Saved: 'C:\Users\gabri\Desktop\FOCUS!\assets\previews\refined_expansion\renders\EXP_VILLA_PATIO__refined_expansion__rear.png'
[RENDER] EXP_VILLA_PATIO__refined_expansion__rear.png
Info: Deleted 66 data-block(s)
11:37:26 | INFO: Data are loaded, start creating Blender stuff
11:37:26 | INFO: Blender create Mesh node Cube.002
11:37:26 | INFO: Blender create Mesh node Cube.004
11:37:26 | INFO: Blender create Mesh node Cube.006
11:37:26 | INFO: Blender create Mesh node Cube
11:37:27 | INFO: glTF import finished in 0.50s
01:14.984  render           | Saved: 'C:\Users\gabri\Desktop\FOCUS!\assets\previews\refined_expansion\renders\EXP_PALAZZO_STEPS__refined_expansion__front.png'
[RENDER] EXP_PALAZZO_STEPS__refined_expansion__front.png
Info: Deleted 47 data-block(s)
11:37:44 | INFO: Data are loaded, start creating Blender stuff
11:37:44 | INFO: Blender create Mesh node Cube.002
11:37:44 | INFO: Blender create Mesh node Cube.004
11:37:44 | INFO: Blender create Mesh node Cube.006
11:37:44 | INFO: Blender create Mesh node Cube
11:37:45 | INFO: glTF import finished in 1.25s
01:32.937  render           | Saved: 'C:\Users\gabri\Desktop\FOCUS!\assets\previews\refined_expansion\renders\EXP_PALAZZO_STEPS__refined_expansion__rear.png'
[RENDER] EXP_PALAZZO_STEPS__refined_expansion__rear.png
Info: Deleted 47 data-block(s)
11:38:02 | INFO: Data are loaded, start creating Blender stuff
11:38:02 | INFO: Blender create Mesh node Cube.002
11:38:02 | INFO: Blender create Mesh node Cube.004
11:38:02 | INFO: Blender create Mesh node Cube
11:38:02 | INFO: glTF import finished in 0.39s
01:48.094  render           | Saved: 'C:\Users\gabri\Desktop\FOCUS!\assets\previews\refined_expansion\renders\EXP_PALAZZO_CORNER__refined_expansion__front.png'
[RENDER] EXP_PALAZZO_CORNER__refined_expansion__front.png
Info: Deleted 55 data-block(s)
11:38:17 | INFO: Data are loaded, start creating Blender stuff
11:38:17 | INFO: Blender create Mesh node Cube.002
11:38:17 | INFO: Blender create Mesh node Cube.004
11:38:17 | INFO: Blender create Mesh node Cube
11:38:17 | INFO: glTF import finished in 0.33s
02:05.078  render           | Saved: 'C:\Users\gabri\Desktop\FOCUS!\assets\previews\refined_expansion\renders\EXP_PALAZZO_CORNER__refined_expansion__rear.png'
[RENDER] EXP_PALAZZO_CORNER__refined_expansion__rear.png
Info: Deleted 55 data-block(s)
11:38:34 | INFO: Data are loaded, start creating Blender stuff
11:38:34 | INFO: Blender create Mesh node Cube.002
11:38:34 | INFO: Blender create Mesh node Cube.004
11:38:34 | INFO: Blender create Mesh node Cube.006
11:38:34 | INFO: Blender create Mesh node Cube.008
11:38:34 | INFO: Blender create Mesh node Cube
11:38:34 | INFO: glTF import finished in 0.55s
02:18.984  render           | Saved: 'C:\Users\gabri\Desktop\FOCUS!\assets\previews\refined_expansion\renders\EXP_TOWER_DECO__refined_expansion__front.png'
[RENDER] EXP_TOWER_DECO__refined_expansion__front.png
Info: Deleted 40 data-block(s)
11:38:48 | INFO: Data are loaded, start creating Blender stuff
11:38:48 | INFO: Blender create Mesh node Cube.002
11:38:48 | INFO: Blender create Mesh node Cube.004
11:38:48 | INFO: Blender create Mesh node Cube.006
11:38:48 | INFO: Blender create Mesh node Cube.008
11:38:48 | INFO: Blender create Mesh node Cube
11:38:48 | INFO: glTF import finished in 0.43s
02:34.109  render           | Saved: 'C:\Users\gabri\Desktop\FOCUS!\assets\previews\refined_expansion\renders\EXP_TOWER_DECO__refined_expansion__rear.png'
[RENDER] EXP_TOWER_DECO__refined_expansion__rear.png
Info: Deleted 40 data-block(s)
11:39:03 | INFO: Data are loaded, start creating Blender stuff
11:39:03 | INFO: Blender create Mesh node Cube.002
11:39:03 | INFO: Blender create Mesh node Cube.004
11:39:03 | INFO: Blender create Mesh node Cube
11:39:03 | INFO: glTF import finished in 0.53s
02:54.437  render           | Saved: 'C:\Users\gabri\Desktop\FOCUS!\assets\previews\refined_expansion\renders\EXP_TOWER_COPPER__refined_expansion__front.png'
[RENDER] EXP_TOWER_COPPER__refined_expansion__front.png
Info: Deleted 38 data-block(s)
11:39:23 | INFO: Data are loaded, start creating Blender stuff
11:39:23 | INFO: Blender create Mesh node Cube.002
11:39:23 | INFO: Blender create Mesh node Cube.004
11:39:23 | INFO: Blender create Mesh node Cube
11:39:24 | INFO: glTF import finished in 0.95s
03:15.578  render           | Saved: 'C:\Users\gabri\Desktop\FOCUS!\assets\previews\refined_expansion\renders\EXP_TOWER_COPPER__refined_expansion__rear.png'
[RENDER] EXP_TOWER_COPPER__refined_expansion__rear.png
Info: Deleted 38 data-block(s)
11:39:44 | INFO: Data are loaded, start creating Blender stuff
11:39:44 | INFO: Blender create Mesh node Cube.002
11:39:44 | INFO: Blender create Mesh node Cube.003
11:39:44 | INFO: Blender create Mesh node Cube.004
11:39:44 | INFO: Blender create Mesh node Cube
11:39:45 | INFO: glTF import finished in 0.53s
03:29.719  render           | Saved: 'C:\Users\gabri\Desktop\FOCUS!\assets\previews\refined_expansion\renders\EXP_TOWER_ROUND__refined_expansion__front.png'
[RENDER] EXP_TOWER_ROUND__refined_expansion__front.png
Info: Deleted 42 data-block(s)
11:39:58 | INFO: Data are loaded, start creating Blender stuff
11:39:58 | INFO: Blender create Mesh node Cube.002
11:39:58 | INFO: Blender create Mesh node Cube.003
11:39:58 | INFO: Blender create Mesh node Cube.004
11:39:58 | INFO: Blender create Mesh node Cube
11:39:59 | INFO: glTF import finished in 0.28s
03:41.437  render           | Saved: 'C:\Users\gabri\Desktop\FOCUS!\assets\previews\refined_expansion\renders\EXP_TOWER_ROUND__refined_expansion__rear.png'
[RENDER] EXP_TOWER_ROUND__refined_expansion__rear.png
Info: Deleted 42 data-block(s)
11:40:10 | INFO: Data are loaded, start creating Blender stuff
11:40:10 | INFO: Blender create Mesh node Cube.002
11:40:10 | INFO: Blender create Mesh node Cube
11:40:10 | INFO: glTF import finished in 0.12s
03:52.906  render           | Saved: 'C:\Users\gabri\Desktop\FOCUS!\assets\previews\refined_expansion\renders\EXP_SHOP_BAKERY__refined_expansion__front.png'
[RENDER] EXP_SHOP_BAKERY__refined_expansion__front.png
Info: Deleted 53 data-block(s)
11:40:21 | INFO: Data are loaded, start creating Blender stuff
11:40:21 | INFO: Blender create Mesh node Cube.002
11:40:21 | INFO: Blender create Mesh node Cube
11:40:22 | INFO: glTF import finished in 0.12s
04:04.141  render           | Saved: 'C:\Users\gabri\Desktop\FOCUS!\assets\previews\refined_expansion\renders\EXP_SHOP_BAKERY__refined_expansion__rear.png'
[RENDER] EXP_SHOP_BAKERY__refined_expansion__rear.png
Info: Deleted 53 data-block(s)
11:40:33 | INFO: Data are loaded, start creating Blender stuff
11:40:33 | INFO: Blender create Mesh node Cube.002
11:40:33 | INFO: Blender create Mesh node Cube
11:40:33 | INFO: glTF import finished in 0.08s
04:15.156  render           | Saved: 'C:\Users\gabri\Desktop\FOCUS!\assets\previews\refined_expansion\renders\EXP_SHOP_BOOKS__refined_expansion__front.png'
[RENDER] EXP_SHOP_BOOKS__refined_expansion__front.png
Info: Deleted 50 data-block(s)
11:40:44 | INFO: Data are loaded, start creating Blender stuff
11:40:44 | INFO: Blender create Mesh node Cube.002
11:40:44 | INFO: Blender create Mesh node Cube
11:40:44 | INFO: glTF import finished in 0.09s
04:26.516  render           | Saved: 'C:\Users\gabri\Desktop\FOCUS!\assets\previews\refined_expansion\renders\EXP_SHOP_BOOKS__refined_expansion__rear.png'
[RENDER] EXP_SHOP_BOOKS__refined_expansion__rear.png
Info: Deleted 50 data-block(s)
11:40:55 | INFO: Data are loaded, start creating Blender stuff
11:40:55 | INFO: Blender create Mesh node Cube.002
11:40:55 | INFO: Blender create Mesh node Cube
11:40:55 | INFO: glTF import finished in 0.15s
04:38.016  render           | Saved: 'C:\Users\gabri\Desktop\FOCUS!\assets\previews\refined_expansion\renders\EXP_SHOP_MARKET__refined_expansion__front.png'
[RENDER] EXP_SHOP_MARKET__refined_expansion__front.png
Info: Deleted 53 data-block(s)
11:41:07 | INFO: Data are loaded, start creating Blender stuff
11:41:07 | INFO: Blender create Mesh node Cube.002
11:41:07 | INFO: Blender create Mesh node Cube
11:41:07 | INFO: glTF import finished in 0.15s
04:50.031  render           | Saved: 'C:\Users\gabri\Desktop\FOCUS!\assets\previews\refined_expansion\renders\EXP_SHOP_MARKET__refined_expansion__rear.png'
[RENDER] EXP_SHOP_MARKET__refined_expansion__rear.png
Info: Deleted 53 data-block(s)
11:41:19 | INFO: Data are loaded, start creating Blender stuff
11:41:19 | INFO: Blender create Mesh node Cube.002
11:41:19 | INFO: Blender create Mesh node Cube.005
11:41:19 | INFO: Blender create Mesh node Cube
11:41:19 | INFO: glTF import finished in 0.17s
05:01.609  render           | Saved: 'C:\Users\gabri\Desktop\FOCUS!\assets\previews\refined_expansion\renders\EXP_SHOP_CINEMA__refined_expansion__front.png'
[RENDER] EXP_SHOP_CINEMA__refined_expansion__front.png
Info: Deleted 43 data-block(s)
11:41:30 | INFO: Data are loaded, start creating Blender stuff
11:41:30 | INFO: Blender create Mesh node Cube.002
11:41:30 | INFO: Blender create Mesh node Cube.005
11:41:30 | INFO: Blender create Mesh node Cube
11:41:30 | INFO: glTF import finished in 0.15s
05:13.203  render           | Saved: 'C:\Users\gabri\Desktop\FOCUS!\assets\previews\refined_expansion\renders\EXP_SHOP_CINEMA__refined_expansion__rear.png'
[RENDER] EXP_SHOP_CINEMA__refined_expansion__rear.png
Info: Deleted 43 data-block(s)
11:41:42 | INFO: Data are loaded, start creating Blender stuff
11:41:42 | INFO: Blender create Mesh node Cube.002
11:41:42 | INFO: Blender create Mesh node Cube.005
11:41:42 | INFO: Blender create Mesh node Cube
11:41:42 | INFO: glTF import finished in 0.13s
05:26.219  render           | Saved: 'C:\Users\gabri\Desktop\FOCUS!\assets\previews\refined_expansion\renders\EXP_SHOP_TRATTORIA__refined_expansion__front.png'
[RENDER] EXP_SHOP_TRATTORIA__refined_expansion__front.png
Info: Deleted 51 data-block(s)
11:41:55 | INFO: Data are loaded, start creating Blender stuff
11:41:55 | INFO: Blender create Mesh node Cube.002
11:41:55 | INFO: Blender create Mesh node Cube.005
11:41:55 | INFO: Blender create Mesh node Cube
11:41:55 | INFO: glTF import finished in 0.10s
05:37.062  render           | Saved: 'C:\Users\gabri\Desktop\FOCUS!\assets\previews\refined_expansion\renders\EXP_SHOP_TRATTORIA__refined_expansion__rear.png'
[RENDER] EXP_SHOP_TRATTORIA__refined_expansion__rear.png
Info: Deleted 51 data-block(s)
11:42:06 | INFO: Data are loaded, start creating Blender stuff
11:42:06 | INFO: Blender create Mesh node Cube.002
11:42:06 | INFO: Blender create Mesh node Cube.004
11:42:06 | INFO: Blender create Mesh node Cube.005
11:42:06 | INFO: Blender create Mesh node Cube
11:42:06 | INFO: glTF import finished in 0.22s
05:48.828  render           | Saved: 'C:\Users\gabri\Desktop\FOCUS!\assets\previews\refined_expansion\renders\EXP_FACTORY_MILL__refined_expansion__front.png'
[RENDER] EXP_FACTORY_MILL__refined_expansion__front.png
Info: Deleted 48 data-block(s)
11:42:17 | INFO: Data are loaded, start creating Blender stuff
11:42:17 | INFO: Blender create Mesh node Cube.002
11:42:17 | INFO: Blender create Mesh node Cube.004
11:42:17 | INFO: Blender create Mesh node Cube.005
11:42:17 | INFO: Blender create Mesh node Cube
11:42:18 | INFO: glTF import finished in 0.20s
06:01.828  render           | Saved: 'C:\Users\gabri\Desktop\FOCUS!\assets\previews\refined_expansion\renders\EXP_FACTORY_MILL__refined_expansion__rear.png'
[RENDER] EXP_FACTORY_MILL__refined_expansion__rear.png
Info: Deleted 48 data-block(s)
11:42:30 | INFO: Data are loaded, start creating Blender stuff
11:42:30 | INFO: Blender create Mesh node Cube.002
11:42:30 | INFO: Blender create Mesh node Cube.004
11:42:30 | INFO: Blender create Mesh node Cube
11:42:31 | INFO: glTF import finished in 0.18s
06:16.234  render           | Saved: 'C:\Users\gabri\Desktop\FOCUS!\assets\previews\refined_expansion\renders\EXP_FACTORY_LOGISTICS__refined_expansion__front.png'
[RENDER] EXP_FACTORY_LOGISTICS__refined_expansion__front.png
Info: Deleted 41 data-block(s)
11:42:45 | INFO: Data are loaded, start creating Blender stuff
11:42:45 | INFO: Blender create Mesh node Cube.002
11:42:45 | INFO: Blender create Mesh node Cube.004
11:42:45 | INFO: Blender create Mesh node Cube
11:42:45 | INFO: glTF import finished in 0.30s
06:32.828  render           | Saved: 'C:\Users\gabri\Desktop\FOCUS!\assets\previews\refined_expansion\renders\EXP_FACTORY_LOGISTICS__refined_expansion__rear.png'
[RENDER] EXP_FACTORY_LOGISTICS__refined_expansion__rear.png
Info: Deleted 41 data-block(s)
11:43:01 | INFO: Data are loaded, start creating Blender stuff
11:43:01 | INFO: Blender create Mesh node Cube.002
11:43:01 | INFO: Blender create Mesh node Cube.004
11:43:01 | INFO: Blender create Mesh node Cube.005
11:43:01 | INFO: Blender create Mesh node Cube.006
11:43:01 | INFO: Blender create Mesh node Cube.007
11:43:01 | INFO: Blender create Mesh node Cube.008
11:43:01 | INFO: Blender create Mesh node Cube
11:43:02 | INFO: glTF import finished in 0.36s
06:49.437  render           | Saved: 'C:\Users\gabri\Desktop\FOCUS!\assets\previews\refined_expansion\renders\EXP_FACTORY_FOOD__refined_expansion__front.png'
[RENDER] EXP_FACTORY_FOOD__refined_expansion__front.png
Info: Deleted 47 data-block(s)
11:43:18 | INFO: Data are loaded, start creating Blender stuff
11:43:18 | INFO: Blender create Mesh node Cube.002
11:43:18 | INFO: Blender create Mesh node Cube.004
11:43:18 | INFO: Blender create Mesh node Cube.005
11:43:18 | INFO: Blender create Mesh node Cube.006
11:43:18 | INFO: Blender create Mesh node Cube.007
11:43:18 | INFO: Blender create Mesh node Cube.008
11:43:18 | INFO: Blender create Mesh node Cube
11:43:18 | INFO: glTF import finished in 0.32s
07:05.312  render           | Saved: 'C:\Users\gabri\Desktop\FOCUS!\assets\previews\refined_expansion\renders\EXP_FACTORY_FOOD__refined_expansion__rear.png'
[RENDER] EXP_FACTORY_FOOD__refined_expansion__rear.png
Info: Deleted 47 data-block(s)
11:43:34 | INFO: Data are loaded, start creating Blender stuff
11:43:34 | INFO: Blender create Mesh node Cube.002
11:43:34 | INFO: Blender create Mesh node Cube.004
11:43:34 | INFO: Blender create Mesh node Cube.005
11:43:34 | INFO: Blender create Mesh node Cube
11:43:34 | INFO: glTF import finished in 0.38s
07:18.312  render           | Saved: 'C:\Users\gabri\Desktop\FOCUS!\assets\previews\refined_expansion\renders\EXP_POWER_COAL_SMALL__refined_expansion__front.png'
[RENDER] EXP_POWER_COAL_SMALL__refined_expansion__front.png
Info: Deleted 44 data-block(s)
11:43:47 | INFO: Data are loaded, start creating Blender stuff
11:43:47 | INFO: Blender create Mesh node Cube.002
11:43:47 | INFO: Blender create Mesh node Cube.004
11:43:47 | INFO: Blender create Mesh node Cube.005
11:43:47 | INFO: Blender create Mesh node Cube
11:43:47 | INFO: glTF import finished in 0.27s
07:31.062  render           | Saved: 'C:\Users\gabri\Desktop\FOCUS!\assets\previews\refined_expansion\renders\EXP_POWER_COAL_SMALL__refined_expansion__rear.png'
[RENDER] EXP_POWER_COAL_SMALL__refined_expansion__rear.png
Info: Deleted 44 data-block(s)
11:44:00 | INFO: Data are loaded, start creating Blender stuff
11:44:00 | INFO: Blender create Mesh node Cube.001
11:44:00 | INFO: Blender create Mesh node Cube.002
11:44:00 | INFO: Blender create Mesh node Cube.004
11:44:00 | INFO: Blender create Mesh node Cube.006
11:44:00 | INFO: Blender create Mesh node Cube.007
11:44:00 | INFO: Blender create Mesh node Cube.008
11:44:00 | INFO: Blender create Mesh node Cube
11:44:00 | INFO: glTF import finished in 0.68s
07:45.375  render           | Saved: 'C:\Users\gabri\Desktop\FOCUS!\assets\previews\refined_expansion\renders\EXP_POWER_NUCLEAR__refined_expansion__front.png'
[RENDER] EXP_POWER_NUCLEAR__refined_expansion__front.png
Info: Deleted 46 data-block(s)
11:44:14 | INFO: Data are loaded, start creating Blender stuff
11:44:14 | INFO: Blender create Mesh node Cube.001
11:44:14 | INFO: Blender create Mesh node Cube.002
11:44:14 | INFO: Blender create Mesh node Cube.004
11:44:14 | INFO: Blender create Mesh node Cube.006
11:44:14 | INFO: Blender create Mesh node Cube.007
11:44:14 | INFO: Blender create Mesh node Cube.008
11:44:14 | INFO: Blender create Mesh node Cube
11:44:14 | INFO: glTF import finished in 0.37s
07:58.250  render           | Saved: 'C:\Users\gabri\Desktop\FOCUS!\assets\previews\refined_expansion\renders\EXP_POWER_NUCLEAR__refined_expansion__rear.png'
[RENDER] EXP_POWER_NUCLEAR__refined_expansion__rear.png
Info: Deleted 46 data-block(s)
11:44:27 | INFO: Data are loaded, start creating Blender stuff
11:44:27 | INFO: Blender create Mesh node Cube.002
11:44:27 | INFO: Blender create Mesh node Cube
11:44:27 | INFO: glTF import finished in 0.30s
08:12.937  render           | Saved: 'C:\Users\gabri\Desktop\FOCUS!\assets\previews\refined_expansion\renders\EXP_WATER_PUMP_RIVER__refined_expansion__front.png'
[RENDER] EXP_WATER_PUMP_RIVER__refined_expansion__front.png
Info: Deleted 42 data-block(s)
11:44:42 | INFO: Data are loaded, start creating Blender stuff
11:44:42 | INFO: Blender create Mesh node Cube.002
11:44:42 | INFO: Blender create Mesh node Cube
11:44:42 | INFO: glTF import finished in 0.18s
08:26.109  render           | Saved: 'C:\Users\gabri\Desktop\FOCUS!\assets\previews\refined_expansion\renders\EXP_WATER_PUMP_RIVER__refined_expansion__rear.png'
[RENDER] EXP_WATER_PUMP_RIVER__refined_expansion__rear.png
Info: Deleted 42 data-block(s)
11:44:55 | INFO: Data are loaded, start creating Blender stuff
11:44:55 | INFO: Blender create Mesh node Cube.004
11:44:55 | INFO: Blender create Mesh node Cube
11:44:55 | INFO: glTF import finished in 0.18s
08:37.172  render           | Saved: 'C:\Users\gabri\Desktop\FOCUS!\assets\previews\refined_expansion\renders\EXP_POWER_SUBSTATION__refined_expansion__front.png'
[RENDER] EXP_POWER_SUBSTATION__refined_expansion__front.png
Info: Deleted 23 data-block(s)
11:45:06 | INFO: Data are loaded, start creating Blender stuff
11:45:06 | INFO: Blender create Mesh node Cube.004
11:45:06 | INFO: Blender create Mesh node Cube
11:45:06 | INFO: glTF import finished in 0.12s
08:48.562  render           | Saved: 'C:\Users\gabri\Desktop\FOCUS!\assets\previews\refined_expansion\renders\EXP_POWER_SUBSTATION__refined_expansion__rear.png'
[RENDER] EXP_POWER_SUBSTATION__refined_expansion__rear.png
Info: Deleted 23 data-block(s)
11:45:17 | INFO: Data are loaded, start creating Blender stuff
11:45:17 | INFO: Blender create Mesh node Cube.002
11:45:17 | INFO: Blender create Mesh node Cube.004
11:45:17 | INFO: Blender create Mesh node Cube
11:45:17 | INFO: glTF import finished in 0.21s
09:00.937  render           | Saved: 'C:\Users\gabri\Desktop\FOCUS!\assets\previews\refined_expansion\renders\EXP_ARENA__refined_expansion__front.png'
[RENDER] EXP_ARENA__refined_expansion__front.png
Info: Deleted 36 data-block(s)
11:45:30 | INFO: Data are loaded, start creating Blender stuff
11:45:30 | INFO: Blender create Mesh node Cube.002
11:45:30 | INFO: Blender create Mesh node Cube.004
11:45:30 | INFO: Blender create Mesh node Cube
11:45:30 | INFO: glTF import finished in 0.29s
09:24.281  render           | Saved: 'C:\Users\gabri\Desktop\FOCUS!\assets\previews\refined_expansion\renders\EXP_ARENA__refined_expansion__rear.png'
[RENDER] EXP_ARENA__refined_expansion__rear.png
Info: Deleted 36 data-block(s)
11:45:53 | INFO: Data are loaded, start creating Blender stuff
11:45:53 | INFO: Blender create Mesh node Cube.002
11:45:53 | INFO: Blender create Mesh node Cube.004
11:45:53 | INFO: Blender create Mesh node Cube
11:45:53 | INFO: glTF import finished in 0.26s
09:50.703  render           | Saved: 'C:\Users\gabri\Desktop\FOCUS!\assets\previews\refined_expansion\renders\EXP_LIBRARY__refined_expansion__front.png'
[RENDER] EXP_LIBRARY__refined_expansion__front.png
Info: Deleted 44 data-block(s)
11:46:19 | INFO: Data are loaded, start creating Blender stuff
11:46:19 | INFO: Blender create Mesh node Cube.002
11:46:19 | INFO: Blender create Mesh node Cube.004
11:46:19 | INFO: Blender create Mesh node Cube
11:46:20 | INFO: glTF import finished in 0.41s
10:06.469  render           | Saved: 'C:\Users\gabri\Desktop\FOCUS!\assets\previews\refined_expansion\renders\EXP_LIBRARY__refined_expansion__rear.png'
[RENDER] EXP_LIBRARY__refined_expansion__rear.png
Info: Deleted 44 data-block(s)
11:46:35 | INFO: Data are loaded, start creating Blender stuff
11:46:35 | INFO: Blender create Mesh node Cube.011
11:46:35 | INFO: Blender create Mesh node Cube
11:46:36 | INFO: glTF import finished in 1.13s
10:26.406  render           | Saved: 'C:\Users\gabri\Desktop\FOCUS!\assets\previews\refined_expansion\renders\EXP_BOTANICAL__refined_expansion__front.png'
[RENDER] EXP_BOTANICAL__refined_expansion__front.png
Info: Deleted 45 data-block(s)
11:46:55 | INFO: Data are loaded, start creating Blender stuff
11:46:55 | INFO: Blender create Mesh node Cube.011
11:46:55 | INFO: Blender create Mesh node Cube
11:46:56 | INFO: glTF import finished in 0.82s
10:42.766  render           | Saved: 'C:\Users\gabri\Desktop\FOCUS!\assets\previews\refined_expansion\renders\EXP_BOTANICAL__refined_expansion__rear.png'
[RENDER] EXP_BOTANICAL__refined_expansion__rear.png
Blender 5.2.1 LTS (hash 9e2066aef7ef built 2026-08-25 02:38:20)

Blender quit
