Info: Deleted 5 data-block(s)
10:57:52 | INFO: Data are loaded, start creating Blender stuff
10:57:52 | INFO: Blender create Mesh node Cube.022
10:57:52 | INFO: Blender create Mesh node Cube
10:57:52 | INFO: glTF import finished in 0.14s
C:\Users\gabri\Desktop\FOCUS!\tools\blender\render_refined_assets.py:39: DeprecationWarning: 'Material.use_nodes' is expected to be removed in Blender 6.0
  mat=bpy.data.materials.new('StudioWarmGrey');mat.use_nodes=True
C:\Users\gabri\Desktop\FOCUS!\tools\blender\render_refined_assets.py:44: DeprecationWarning: 'World.use_nodes' is expected to be removed in Blender 6.0
  world.use_nodes=True;world.node_tree.nodes['Background'].inputs[0].default_value=(.72,.78,.85,1)
00:25.469  render           | Saved: 'C:\Users\gabri\Desktop\FOCUS!\assets\previews\refined_v2\renders\OFF_MID_3x3_003__realistic__front.png'
[RENDER] OFF_MID_3x3_003__realistic__front.png
Info: Deleted 18 data-block(s)
10:58:07 | INFO: Data are loaded, start creating Blender stuff
10:58:07 | INFO: Blender create Mesh node Cube.022
10:58:07 | INFO: Blender create Mesh node Cube
10:58:07 | INFO: glTF import finished in 0.09s
00:37.781  render           | Saved: 'C:\Users\gabri\Desktop\FOCUS!\assets\previews\refined_v2\renders\OFF_MID_3x3_003__realistic__rear.png'
[RENDER] OFF_MID_3x3_003__realistic__rear.png
Info: Deleted 18 data-block(s)
10:58:19 | INFO: Data are loaded, start creating Blender stuff
10:58:19 | INFO: Blender create Mesh node Cube.022
10:58:19 | INFO: Blender create Mesh node Cube
10:58:20 | INFO: glTF import finished in 1.04s
00:51.109  render           | Saved: 'C:\Users\gabri\Desktop\FOCUS!\assets\previews\refined_v2\renders\OFF_MID_3x3_003__refined_v2__front.png'
[RENDER] OFF_MID_3x3_003__refined_v2__front.png
Info: Deleted 25 data-block(s)
10:58:32 | INFO: Data are loaded, start creating Blender stuff
10:58:32 | INFO: Blender create Mesh node Cube.022
10:58:32 | INFO: Blender create Mesh node Cube
10:58:33 | INFO: glTF import finished in 1.08s
01:04.375  render           | Saved: 'C:\Users\gabri\Desktop\FOCUS!\assets\previews\refined_v2\renders\OFF_MID_3x3_003__refined_v2__rear.png'
[RENDER] OFF_MID_3x3_003__refined_v2__rear.png
Blender 5.2.1 LTS (hash 9e2066aef7ef built 2026-08-25 02:38:20)

Blender quit
