Info: Deleted 5 data-block(s)
10:54:46 | INFO: Data are loaded, start creating Blender stuff
10:54:46 | INFO: Blender create Mesh node Cube.117
10:54:46 | INFO: Blender create Mesh node Cube
10:54:47 | INFO: glTF import finished in 0.42s
C:\Users\gabri\Desktop\FOCUS!\tools\blender\render_refined_assets.py:39: DeprecationWarning: 'Material.use_nodes' is expected to be removed in Blender 6.0
  mat=bpy.data.materials.new('StudioWarmGrey');mat.use_nodes=True
C:\Users\gabri\Desktop\FOCUS!\tools\blender\render_refined_assets.py:44: DeprecationWarning: 'World.use_nodes' is expected to be removed in Blender 6.0
  world.use_nodes=True;world.node_tree.nodes['Background'].inputs[0].default_value=(.72,.78,.85,1)
00:41.047  render           | Saved: 'C:\Users\gabri\Desktop\FOCUS!\assets\previews\refined_v2\renders\RES_MID_3x2_006__realistic__front.png'
[RENDER] RES_MID_3x2_006__realistic__front.png
Info: Deleted 20 data-block(s)
10:54:58 | INFO: Data are loaded, start creating Blender stuff
10:54:58 | INFO: Blender create Mesh node Cube.117
10:54:58 | INFO: Blender create Mesh node Cube
10:54:59 | INFO: glTF import finished in 0.46s
00:52.234  render           | Saved: 'C:\Users\gabri\Desktop\FOCUS!\assets\previews\refined_v2\renders\RES_MID_3x2_006__realistic__rear.png'
[RENDER] RES_MID_3x2_006__realistic__rear.png
Info: Deleted 20 data-block(s)
10:55:10 | INFO: Data are loaded, start creating Blender stuff
10:55:10 | INFO: Blender create Mesh node Cube.117
10:55:10 | INFO: Blender create Mesh node Cube
10:55:10 | INFO: glTF import finished in 0.44s
01:03.250  render           | Saved: 'C:\Users\gabri\Desktop\FOCUS!\assets\previews\refined_v2\renders\RES_MID_3x2_006__refined_v2__front.png'
[RENDER] RES_MID_3x2_006__refined_v2__front.png
Info: Deleted 36 data-block(s)
10:55:20 | INFO: Data are loaded, start creating Blender stuff
10:55:20 | INFO: Blender create Mesh node Cube.117
10:55:20 | INFO: Blender create Mesh node Cube
10:55:21 | INFO: glTF import finished in 0.40s
01:14.922  render           | Saved: 'C:\Users\gabri\Desktop\FOCUS!\assets\previews\refined_v2\renders\RES_MID_3x2_006__refined_v2__rear.png'
[RENDER] RES_MID_3x2_006__refined_v2__rear.png
Info: Deleted 36 data-block(s)
10:55:32 | INFO: Data are loaded, start creating Blender stuff
10:55:32 | INFO: Blender create Mesh node Cube.078
10:55:32 | INFO: Blender create Mesh node Cube
10:55:32 | INFO: glTF import finished in 0.20s
01:26.047  render           | Saved: 'C:\Users\gabri\Desktop\FOCUS!\assets\previews\refined_v2\renders\RES_TOWER_4x4_003__realistic__front.png'
[RENDER] RES_TOWER_4x4_003__realistic__front.png
Info: Deleted 19 data-block(s)
10:55:43 | INFO: Data are loaded, start creating Blender stuff
10:55:43 | INFO: Blender create Mesh node Cube.078
10:55:43 | INFO: Blender create Mesh node Cube
10:55:44 | INFO: glTF import finished in 0.23s
01:36.719  render           | Saved: 'C:\Users\gabri\Desktop\FOCUS!\assets\previews\refined_v2\renders\RES_TOWER_4x4_003__realistic__rear.png'
[RENDER] RES_TOWER_4x4_003__realistic__rear.png
Info: Deleted 19 data-block(s)
10:55:54 | INFO: Data are loaded, start creating Blender stuff
10:55:54 | INFO: Blender create Mesh node Cube.078
10:55:54 | INFO: Blender create Mesh node Cube
10:55:55 | INFO: glTF import finished in 1.37s
01:49.344  render           | Saved: 'C:\Users\gabri\Desktop\FOCUS!\assets\previews\refined_v2\renders\RES_TOWER_4x4_003__refined_v2__front.png'
[RENDER] RES_TOWER_4x4_003__refined_v2__front.png
Info: Deleted 30 data-block(s)
10:56:07 | INFO: Data are loaded, start creating Blender stuff
10:56:07 | INFO: Blender create Mesh node Cube.078
10:56:07 | INFO: Blender create Mesh node Cube
10:56:08 | INFO: glTF import finished in 1.50s
02:02.156  render           | Saved: 'C:\Users\gabri\Desktop\FOCUS!\assets\previews\refined_v2\renders\RES_TOWER_4x4_003__refined_v2__rear.png'
[RENDER] RES_TOWER_4x4_003__refined_v2__rear.png
Blender 5.2.1 LTS (hash 9e2066aef7ef built 2026-08-25 02:38:20)

Blender quit
